{
  "version": "1.5.0",
  "plugins_used": [
    {
      "name": "ArtifactoryDetector"
    },
    {
      "name": "AWSKeyDetector"
    },
    {
      "name": "AzureStorageKeyDetector"
    },
    {
      "name": "Base64HighEntropyString",
      "limit": 4.5
    },
    {
      "name": "BasicAuthDetector"
    },
    {
      "name": "CloudantDetector"
    },
    {
      "name": "DiscordBotTokenDetector"
    },
    {
      "name": "GitHubTokenDetector"
    },
    {
      "name": "GitLabTokenDetector"
    },
    {
      "name": "HexHighEntropyString",
      "limit": 3.0
    },
    {
      "name": "IbmCloudIamDetector"
    },
    {
      "name": "IbmCosHmacDetector"
    },
    {
      "name": "IPPublicDetector"
    },
    {
      "name": "JwtTokenDetector"
    },
    {
      "name": "KeywordDetector",
      "keyword_exclude": ""
    },
    {
      "name": "MailchimpDetector"
    },
    {
      "name": "NpmDetector"
    },
    {
      "name": "OpenAIDetector"
    },
    {
      "name": "PrivateKeyDetector"
    },
    {
      "name": "PypiTokenDetector"
    },
    {
      "name": "SendGridDetector"
    },
    {
      "name": "SlackDetector"
    },
    {
      "name": "SoftlayerDetector"
    },
    {
      "name": "SquareOAuthDetector"
    },
    {
      "name": "StripeDetector"
    },
    {
      "name": "TelegramBotTokenDetector"
    },
    {
      "name": "TwilioKeyDetector"
    }
  ],
  "filters_used": [
    {
      "path": "detect_secrets.filters.allowlist.is_line_allowlisted"
    },
    {
      "path": "detect_secrets.filters.common.is_ignored_due_to_verification_policies",
      "min_level": 2
    },
    {
      "path": "detect_secrets.filters.heuristic.is_indirect_reference"
    },
    {
      "path": "detect_secrets.filters.heuristic.is_likely_id_string"
    },
    {
      "path": "detect_secrets.filters.heuristic.is_lock_file"
    },
    {
      "path": "detect_secrets.filters.heuristic.is_not_alphanumeric_string"
    },
    {
      "path": "detect_secrets.filters.heuristic.is_potential_uuid"
    },
    {
      "path": "detect_secrets.filters.heuristic.is_prefixed_with_dollar_sign"
    },
    {
      "path": "detect_secrets.filters.heuristic.is_sequential_string"
    },
    {
      "path": "detect_secrets.filters.heuristic.is_swagger_file"
    },
    {
      "path": "detect_secrets.filters.heuristic.is_templated_secret"
    },
    {
      "path": "detect_secrets.filters.regex.should_exclude_file",
      "pattern": [
        "\\.enc$",
        "\\.sops\\.yaml$",
        "node_modules/",
        "\\.git/",
        "package-lock\\.json$"
      ]
    }
  ],
  "results": {
    ".fugue/kernel-state/compact/adhoc_Mac-mini-M1-for-Otawara-M-5_kernel-workspace_16641_run_20260323T015945Z_16641.json": [
      {
        "type": "Hex High Entropy String",
        "filename": ".fugue/kernel-state/compact/adhoc_Mac-mini-M1-for-Otawara-M-5_kernel-workspace_16641_run_20260323T015945Z_16641.json",
        "hashed_secret": "d0186118c88177328854c150a6951abfcec8510b",
        "is_verified": false,
        "line_number": 9
      }
    ],
    ".fugue/kernel-state/compact/adhoc_Mac-mini-M1-for-Otawara-M-5_kernel-workspace_28511_run_20260322T205524_29160.json": [
      {
        "type": "Hex High Entropy String",
        "filename": ".fugue/kernel-state/compact/adhoc_Mac-mini-M1-for-Otawara-M-5_kernel-workspace_28511_run_20260322T205524_29160.json",
        "hashed_secret": "ad169aa3b2602358b7e72790b381b99a4ddcd7a7",
        "is_verified": false,
        "line_number": 9
      }
    ],
    ".fugue/kernel-state/compact/adhoc_Mac-mini-M1-for-Otawara-M-5_kernel-workspace_7143_run_20260323T015414Z_7143.json": [
      {
        "type": "Hex High Entropy String",
        "filename": ".fugue/kernel-state/compact/adhoc_Mac-mini-M1-for-Otawara-M-5_kernel-workspace_7143_run_20260323T015414Z_7143.json",
        "hashed_secret": "5a9d3599907a419beb90f7128f59131f12d98617",
        "is_verified": false,
        "line_number": 9
      }
    ],
    ".fugue/kernel-state/compact/adhoc_Mac-mini-M1-for-Otawara-M-5_kernel-workspace_8199_run_20260322T131834_10793.json": [
      {
        "type": "Hex High Entropy String",
        "filename": ".fugue/kernel-state/compact/adhoc_Mac-mini-M1-for-Otawara-M-5_kernel-workspace_8199_run_20260322T131834_10793.json",
        "hashed_secret": "45d83da984e493eecebc765690a2c274c645c2c3",
        "is_verified": false,
        "line_number": 9
      }
    ],
    ".fugue/kernel-state/compact/adhoc_Mac-mini-M1-for-Otawara-M-5_kernel-workspace_88504_run_20260323T023159Z_88504.json": [
      {
        "type": "Hex High Entropy String",
        "filename": ".fugue/kernel-state/compact/adhoc_Mac-mini-M1-for-Otawara-M-5_kernel-workspace_88504_run_20260323T023159Z_88504.json",
        "hashed_secret": "3d759d5246293b682c20a59725f8b50641bd3577",
        "is_verified": false,
        "line_number": 9
      }
    ],
    ".fugue/kernel-state/compact/adhoc_Mac-mini-M1-for-Otawara-M-5_kernel-workspace_90195_run_20260323T104430_90977.json": [
      {
        "type": "Hex High Entropy String",
        "filename": ".fugue/kernel-state/compact/adhoc_Mac-mini-M1-for-Otawara-M-5_kernel-workspace_90195_run_20260323T104430_90977.json",
        "hashed_secret": "63ddb742ca84165fb736c2747621045e533d65c3",
        "is_verified": false,
        "line_number": 9
      }
    ],
    ".fugue/kernel-state/compact/adhoc_Mac-mini-M1-for-Otawara-M-5_kernel-workspace_95047_run_20260323T121354_96401.json": [
      {
        "type": "Hex High Entropy String",
        "filename": ".fugue/kernel-state/compact/adhoc_Mac-mini-M1-for-Otawara-M-5_kernel-workspace_95047_run_20260323T121354_96401.json",
        "hashed_secret": "78926e0d349bee50b4f4e113c5c304445c90c173",
        "is_verified": false,
        "line_number": 9
      }
    ],
    ".fugue/kernel-state/compact/adhoc_Mac-mini-M1-for-Otawara-M-5_kernel-workspace_99906_run_20260324T235811_4009.json": [
      {
        "type": "Hex High Entropy String",
        "filename": ".fugue/kernel-state/compact/adhoc_Mac-mini-M1-for-Otawara-M-5_kernel-workspace_99906_run_20260324T235811_4009.json",
        "hashed_secret": "696cd3afec2283be3e251ece486225298d42578e",
        "is_verified": false,
        "line_number": 9
      }
    ],
    ".fugue/kernel-state/compact/adhoc_Mac-mini-M1-for-Otawara-M-5_kernel-workspace_subagent5_20260323T113446Z.json": [
      {
        "type": "Hex High Entropy String",
        "filename": ".fugue/kernel-state/compact/adhoc_Mac-mini-M1-for-Otawara-M-5_kernel-workspace_subagent5_20260323T113446Z.json",
        "hashed_secret": "88ee92c9df8d076aecd4df8c6d7c9b7138f818da",
        "is_verified": false,
        "line_number": 9
      }
    ],
    ".fugue/kernel-state/compact/adhoc_test.json": [
      {
        "type": "Hex High Entropy String",
        "filename": ".fugue/kernel-state/compact/adhoc_test.json",
        "hashed_secret": "d8eb0cb6c6a4ad2cfa3031a7f244221917f7cea2",
        "is_verified": false,
        "line_number": 9
      }
    ],
    ".fugue/kernel-state/compact/matrix-degraded.json": [
      {
        "type": "Hex High Entropy String",
        "filename": ".fugue/kernel-state/compact/matrix-degraded.json",
        "hashed_secret": "43893297897f2fc5d0dac4abc8657b16781d1741",
        "is_verified": false,
        "line_number": 9
      }
    ],
    ".fugue/kernel-state/compact/matrix-normal.json": [
      {
        "type": "Hex High Entropy String",
        "filename": ".fugue/kernel-state/compact/matrix-normal.json",
        "hashed_secret": "408f2d191118c3fad58ddf119e1cf8d805143071",
        "is_verified": false,
        "line_number": 9
      }
    ],
    ".fugue/kernel-state/compact/receipt-test.json": [
      {
        "type": "Hex High Entropy String",
        "filename": ".fugue/kernel-state/compact/receipt-test.json",
        "hashed_secret": "8bc24445ed1a2eb34bcda34cc6e41dea99381457",
        "is_verified": false,
        "line_number": 9
      }
    ],
    ".github/workflows/fugue-caller.yml": [
      {
        "type": "Secret Keyword",
        "filename": ".github/workflows/fugue-caller.yml",
        "hashed_secret": "3e26d6750975d678acb8fa35a0f69237881576b0",
        "is_verified": false,
        "line_number": 78
      }
    ],
    "README.md": [
      {
        "type": "Secret Keyword",
        "filename": "README.md",
        "hashed_secret": "d413f4d18c4c123dd52776f417b792efdec29c6a",
        "is_verified": false,
        "line_number": 104
      },
      {
        "type": "Secret Keyword",
        "filename": "README.md",
        "hashed_secret": "ee1270d645b607d4a19f1b87465fcfef275aadea",
        "is_verified": false,
        "line_number": 105
      },
      {
        "type": "Secret Keyword",
        "filename": "README.md",
        "hashed_secret": "05ff1ea7a134f9dc5e743b84991376fa2596c8e5",
        "is_verified": false,
        "line_number": 107
      },
      {
        "type": "Secret Keyword",
        "filename": "README.md",
        "hashed_secret": "c22be5aa98e0c72ce16843a48ce229968a7a2bba",
        "is_verified": false,
        "line_number": 108
      },
      {
        "type": "Secret Keyword",
        "filename": "README.md",
        "hashed_secret": "a7979904021cdb66cf919115ca138702b6839e10",
        "is_verified": false,
        "line_number": 109
      }
    ],
    "config/integrations/contracts/line-harness-bridge.json": [
      {
        "type": "Secret Keyword",
        "filename": "config/integrations/contracts/line-harness-bridge.json",
        "hashed_secret": "83661b43df128631f891767fbfc5b049af3dce86",
        "is_verified": false,
        "line_number": 24
      }
    ],
    "rules/security.md": [
      {
        "type": "Secret Keyword",
        "filename": "rules/security.md",
        "hashed_secret": "ec417f567082612f8fd6afafe1abcab831fca840",
        "is_verified": false,
        "line_number": 24
      }
    ],
    "scripts/skills/sync-googleworkspace-skills.sh": [
      {
        "type": "Hex High Entropy String",
        "filename": "scripts/skills/sync-googleworkspace-skills.sh",
        "hashed_secret": "52a5340da5cf8a261756603ff25f0e89ecabb056",
        "is_verified": false,
        "line_number": 9
      }
    ],
    "scripts/skills/sync-openclaw-skills.sh": [
      {
        "type": "Hex High Entropy String",
        "filename": "scripts/skills/sync-openclaw-skills.sh",
        "hashed_secret": "80ad12251016b89bd8f4399cbc661ce387b16588",
        "is_verified": false,
        "line_number": 8
      }
    ],
    "tests/test-codex-kernel-guard-doctor-flags.sh": [
      {
        "type": "Secret Keyword",
        "filename": "tests/test-codex-kernel-guard-doctor-flags.sh",
        "hashed_secret": "829c3804401b0727f70f73d4415e162400cbe57b",
        "is_verified": false,
        "line_number": 21
      }
    ],
    "tests/test-codex-kernel-guard-doctor.sh": [
      {
        "type": "Secret Keyword",
        "filename": "tests/test-codex-kernel-guard-doctor.sh",
        "hashed_secret": "829c3804401b0727f70f73d4415e162400cbe57b",
        "is_verified": false,
        "line_number": 25
      }
    ],
    "tests/test-codex-kernel-guard-matrix.sh": [
      {
        "type": "Secret Keyword",
        "filename": "tests/test-codex-kernel-guard-matrix.sh",
        "hashed_secret": "c65c01f94363ece20191487ef47d5661e26dd59c",
        "is_verified": false,
        "line_number": 60
      }
    ],
    "tests/test-codex-kernel-guard-state-fallback.sh": [
      {
        "type": "Secret Keyword",
        "filename": "tests/test-codex-kernel-guard-state-fallback.sh",
        "hashed_secret": "c65c01f94363ece20191487ef47d5661e26dd59c",
        "is_verified": false,
        "line_number": 40
      }
    ],
    "tests/test-import-to-keychain.sh": [
      {
        "type": "Base64 High Entropy String",
        "filename": "tests/test-import-to-keychain.sh",
        "hashed_secret": "2b8f20f790f3030c3980c652eadfeba895bd369b",
        "is_verified": false,
        "line_number": 50
      }
    ],
    "tests/test-k-shortcuts.sh": [
      {
        "type": "Base64 High Entropy String",
        "filename": "tests/test-k-shortcuts.sh",
        "hashed_secret": "0291588f1aed0d30d14c43e560dbdf708dbc6247",
        "is_verified": false,
        "line_number": 170
      }
    ],
    "tests/test-kernel-canary-plan.sh": [
      {
        "type": "Secret Keyword",
        "filename": "tests/test-kernel-canary-plan.sh",
        "hashed_secret": "5ffe533b830f08a0326348a9160afafc8ada44db",
        "is_verified": false,
        "line_number": 195
      }
    ],
    "tests/test-kernel-runtime-health.sh": [
      {
        "type": "Secret Keyword",
        "filename": "tests/test-kernel-runtime-health.sh",
        "hashed_secret": "c65c01f94363ece20191487ef47d5661e26dd59c",
        "is_verified": false,
        "line_number": 30
      }
    ],
    "tests/test-kglm.sh": [
      {
        "type": "Secret Keyword",
        "filename": "tests/test-kglm.sh",
        "hashed_secret": "7c02bde90f5aebb1fb7d28bf11e39230221c3689",
        "is_verified": false,
        "line_number": 77
      }
    ],
    "tests/test-load-shared-secrets.sh": [
      {
        "type": "Secret Keyword",
        "filename": "tests/test-load-shared-secrets.sh",
        "hashed_secret": "185f50a42ffc55c0c878c4af56f34bd38933e9e5",
        "is_verified": false,
        "line_number": 44
      }
    ],
    "tests/test-recovery-reroute-claim-gate.sh": [
      {
        "type": "Base64 High Entropy String",
        "filename": "tests/test-recovery-reroute-claim-gate.sh",
        "hashed_secret": "f7806929dae5baa79208066ce0c4aca184a22d8e",
        "is_verified": false,
        "line_number": 28
      }
    ],
    "tests/test-resolve-orchestration-context.sh": [
      {
        "type": "Base64 High Entropy String",
        "filename": "tests/test-resolve-orchestration-context.sh",
        "hashed_secret": "efaa84b6ff1e4193c0e1ac0020f1fb82d23e168b",
        "is_verified": false,
        "line_number": 81
      },
      {
        "type": "Base64 High Entropy String",
        "filename": "tests/test-resolve-orchestration-context.sh",
        "hashed_secret": "b4fe89d6ef969c3d2508a2f98abba00606e21688",
        "is_verified": false,
        "line_number": 143
      },
      {
        "type": "Base64 High Entropy String",
        "filename": "tests/test-resolve-orchestration-context.sh",
        "hashed_secret": "ec44cd4ea6f707f92a6ab5f28a27aac578960440",
        "is_verified": false,
        "line_number": 147
      },
      {
        "type": "Base64 High Entropy String",
        "filename": "tests/test-resolve-orchestration-context.sh",
        "hashed_secret": "a628960deac8cbb2d15a6c8a051b1fadedc338dd",
        "is_verified": false,
        "line_number": 153
      }
    ]
  },
  "generated_at": "2026-03-27T11:20:12Z"
}
